// Jest Snapshot v1, https://goo.gl/fbAQLP

exports[`view | <HomeView /> should match snapshot 1`] = `
<div
  class="Layoutcomponent__Wrapper-sc-hjilh-0 kVDPjA"
>
  <a
    href="/posts"
  >
    Posts
  </a>
  <h1
    class="Homeview__Title-sc-1pmkhfg-0 ewFurc"
  >
    title
  </h1>
  <a
    href="/"
  >
    PortuguÃªs do Brasil
  </a>
  <br />
  <a
    href="/"
  >
    Enlish
  </a>
</div>
`;
